// Vitest Snapshot v1

exports[`toUpperCase 1`] = `"FOOBAR"`;
